[<=.assertion.1] line >= Ada Check assertion: FAILURE
VERIFICATION FAILED
