[<.assertion.1] line > Ada Check assertion: SUCCESS
[assertion.1] file main.adb line 9 Ada Exception: SUCCESS
[main.assertion.1] line 16 assertion Val = 5: SUCCESS
VERIFICATION SUCCESSFUL
