[loop_array_range.assertion.1] line 8 Ada Check assertion: SUCCESS
[loop_array_range.assertion.4] line 8 Ada Check assertion: SUCCESS
[loop_array_range.assertion.2] line 11 assertion Sum = 10: SUCCESS
[loop_array_range.assertion.3] line 17 assertion Sum=6: FAILURE
VERIFICATION FAILED
